ERROR - 2026-01-18 21:41:21 --> Authorization service error: 60 : SSL certificate problem: unable to get local issuer certificate
ERROR - 2026-01-18 21:49:35 --> Authorization service error: 60 : SSL certificate problem: unable to get local issuer certificate
ERROR - 2026-01-18 21:49:39 --> Authorization service error: 60 : SSL certificate problem: unable to get local issuer certificate
ERROR - 2026-01-18 21:49:43 --> Authorization service error: 60 : SSL certificate problem: unable to get local issuer certificate
ERROR - 2026-01-18 21:49:47 --> Authorization service error: 60 : SSL certificate problem: unable to get local issuer certificate
ERROR - 2026-01-18 21:49:51 --> Authorization service error: 60 : SSL certificate problem: unable to get local issuer certificate
ERROR - 2026-01-18 21:50:53 --> Authorization service error: 60 : SSL certificate problem: unable to get local issuer certificate
ERROR - 2026-01-18 21:50:53 --> Transaction error: Undefined array key "authorization"
ERROR - 2026-01-18 21:50:58 --> Authorization service error: 60 : SSL certificate problem: unable to get local issuer certificate
ERROR - 2026-01-18 21:50:58 --> Transaction error: Undefined array key "authorization"
ERROR - 2026-01-18 21:51:34 --> Authorization service error: 60 : SSL certificate problem: unable to get local issuer certificate
ERROR - 2026-01-18 21:51:48 --> Authorization service error: 60 : SSL certificate problem: unable to get local issuer certificate
ERROR - 2026-01-18 21:52:57 --> Authorization service error: 60 : SSL certificate problem: unable to get local issuer certificate
ERROR - 2026-01-18 22:14:12 --> Authorization service error: 60 : SSL certificate problem: unable to get local issuer certificate
ERROR - 2026-01-18 22:14:16 --> Authorization service error: 60 : SSL certificate problem: unable to get local issuer certificate
ERROR - 2026-01-18 22:14:19 --> Authorization service error: 60 : SSL certificate problem: unable to get local issuer certificate
ERROR - 2026-01-18 22:14:23 --> Authorization service error: 60 : SSL certificate problem: unable to get local issuer certificate
ERROR - 2026-01-18 22:14:26 --> Authorization service error: 60 : SSL certificate problem: unable to get local issuer certificate
ERROR - 2026-01-18 22:14:30 --> Authorization service error: 60 : SSL certificate problem: unable to get local issuer certificate
ERROR - 2026-01-18 22:14:51 --> Authorization service returned status: 301
ERROR - 2026-01-18 22:14:54 --> Authorization service returned status: 301
ERROR - 2026-01-18 22:14:58 --> Authorization service returned status: 301
ERROR - 2026-01-18 22:15:02 --> Authorization service returned status: 301
ERROR - 2026-01-18 22:16:02 --> Authorization service error: 60 : SSL certificate problem: unable to get local issuer certificate
ERROR - 2026-01-18 22:16:38 --> Authorization service error: 60 : SSL certificate problem: unable to get local issuer certificate
ERROR - 2026-01-18 22:19:48 --> Authorization service returned status: 403
ERROR - 2026-01-18 22:19:52 --> Authorization service returned status: 403
ERROR - 2026-01-18 22:19:55 --> Authorization service returned status: 403
ERROR - 2026-01-18 22:19:58 --> Authorization service returned status: 403
ERROR - 2026-01-18 22:20:02 --> Authorization service returned status: 403
ERROR - 2026-01-18 22:20:29 --> mysqli_sql_exception: Unknown column 'completed_at' in 'field list' in C:\_VPS\projeto1\system\Database\MySQLi\Connection.php:327
Stack trace:
#0 C:\_VPS\projeto1\system\Database\MySQLi\Connection.php(327): mysqli->query()
#1 C:\_VPS\projeto1\system\Database\BaseConnection.php(729): CodeIgniter\Database\MySQLi\Connection->execute()
#2 C:\_VPS\projeto1\system\Database\BaseConnection.php(646): CodeIgniter\Database\BaseConnection->simpleQuery()
#3 C:\_VPS\projeto1\system\Database\BaseBuilder.php(2521): CodeIgniter\Database\BaseConnection->query()
#4 C:\_VPS\projeto1\system\Model.php(461): CodeIgniter\Database\BaseBuilder->update()
#5 C:\_VPS\projeto1\system\BaseModel.php(1010): CodeIgniter\Model->doUpdate()
#6 C:\_VPS\projeto1\system\Model.php(860): CodeIgniter\BaseModel->update()
#7 C:\_VPS\projeto1\app\Models\TransacoesModel.php(94): CodeIgniter\Model->update()
#8 C:\_VPS\projeto1\app\Controllers\Transacoes.php(115): App\Models\TransacoesModel->markAsCompleted()
#9 C:\_VPS\projeto1\system\CodeIgniter.php(933): App\Controllers\Transacoes->criar()
#10 C:\_VPS\projeto1\system\CodeIgniter.php(507): CodeIgniter\CodeIgniter->runController()
#11 C:\_VPS\projeto1\system\CodeIgniter.php(354): CodeIgniter\CodeIgniter->handleRequest()
#12 C:\_VPS\projeto1\system\Boot.php(363): CodeIgniter\CodeIgniter->run()
#13 C:\_VPS\projeto1\system\Boot.php(68): CodeIgniter\Boot::runCodeIgniter()
#14 C:\_VPS\projeto1\public\index.php(59): CodeIgniter\Boot::bootWeb()
#15 C:\_VPS\projeto1\system\rewrite.php(44): require_once('...')
#16 {main}
ERROR - 2026-01-18 22:20:30 --> Payee email not found for transaction notification
ERROR - 2026-01-18 22:22:09 --> mysqli_sql_exception: Unknown column 'completed_at' in 'field list' in C:\_VPS\projeto1\system\Database\MySQLi\Connection.php:327
Stack trace:
#0 C:\_VPS\projeto1\system\Database\MySQLi\Connection.php(327): mysqli->query()
#1 C:\_VPS\projeto1\system\Database\BaseConnection.php(729): CodeIgniter\Database\MySQLi\Connection->execute()
#2 C:\_VPS\projeto1\system\Database\BaseConnection.php(646): CodeIgniter\Database\BaseConnection->simpleQuery()
#3 C:\_VPS\projeto1\system\Database\BaseBuilder.php(2521): CodeIgniter\Database\BaseConnection->query()
#4 C:\_VPS\projeto1\system\Model.php(461): CodeIgniter\Database\BaseBuilder->update()
#5 C:\_VPS\projeto1\system\BaseModel.php(1010): CodeIgniter\Model->doUpdate()
#6 C:\_VPS\projeto1\system\Model.php(860): CodeIgniter\BaseModel->update()
#7 C:\_VPS\projeto1\app\Models\TransacoesModel.php(94): CodeIgniter\Model->update()
#8 C:\_VPS\projeto1\app\Controllers\Transacoes.php(115): App\Models\TransacoesModel->markAsCompleted()
#9 C:\_VPS\projeto1\system\CodeIgniter.php(933): App\Controllers\Transacoes->criar()
#10 C:\_VPS\projeto1\system\CodeIgniter.php(507): CodeIgniter\CodeIgniter->runController()
#11 C:\_VPS\projeto1\system\CodeIgniter.php(354): CodeIgniter\CodeIgniter->handleRequest()
#12 C:\_VPS\projeto1\system\Boot.php(363): CodeIgniter\CodeIgniter->run()
#13 C:\_VPS\projeto1\system\Boot.php(68): CodeIgniter\Boot::runCodeIgniter()
#14 C:\_VPS\projeto1\public\index.php(59): CodeIgniter\Boot::bootWeb()
#15 C:\_VPS\projeto1\system\rewrite.php(44): require_once('...')
#16 {main}
ERROR - 2026-01-18 22:22:10 --> Payee email not found for transaction notification
ERROR - 2026-01-18 22:23:44 --> mysqli_sql_exception: Unknown column 'completed_at' in 'field list' in C:\_VPS\projeto1\system\Database\MySQLi\Connection.php:327
Stack trace:
#0 C:\_VPS\projeto1\system\Database\MySQLi\Connection.php(327): mysqli->query()
#1 C:\_VPS\projeto1\system\Database\BaseConnection.php(729): CodeIgniter\Database\MySQLi\Connection->execute()
#2 C:\_VPS\projeto1\system\Database\BaseConnection.php(646): CodeIgniter\Database\BaseConnection->simpleQuery()
#3 C:\_VPS\projeto1\system\Database\BaseBuilder.php(2521): CodeIgniter\Database\BaseConnection->query()
#4 C:\_VPS\projeto1\system\Model.php(461): CodeIgniter\Database\BaseBuilder->update()
#5 C:\_VPS\projeto1\system\BaseModel.php(1010): CodeIgniter\Model->doUpdate()
#6 C:\_VPS\projeto1\system\Model.php(860): CodeIgniter\BaseModel->update()
#7 C:\_VPS\projeto1\app\Models\TransacoesModel.php(94): CodeIgniter\Model->update()
#8 C:\_VPS\projeto1\app\Controllers\Transacoes.php(115): App\Models\TransacoesModel->markAsCompleted()
#9 C:\_VPS\projeto1\system\CodeIgniter.php(933): App\Controllers\Transacoes->criar()
#10 C:\_VPS\projeto1\system\CodeIgniter.php(507): CodeIgniter\CodeIgniter->runController()
#11 C:\_VPS\projeto1\system\CodeIgniter.php(354): CodeIgniter\CodeIgniter->handleRequest()
#12 C:\_VPS\projeto1\system\Boot.php(363): CodeIgniter\CodeIgniter->run()
#13 C:\_VPS\projeto1\system\Boot.php(68): CodeIgniter\Boot::runCodeIgniter()
#14 C:\_VPS\projeto1\public\index.php(59): CodeIgniter\Boot::bootWeb()
#15 C:\_VPS\projeto1\system\rewrite.php(44): require_once('...')
#16 {main}
ERROR - 2026-01-18 22:23:44 --> Payee email not found for transaction notification
ERROR - 2026-01-18 22:25:10 --> Authorization service returned status: 403
ERROR - 2026-01-18 22:25:12 --> Authorization service returned status: 403
ERROR - 2026-01-18 22:25:14 --> Authorization service returned status: 403
ERROR - 2026-01-18 22:25:15 --> Authorization service returned status: 403
ERROR - 2026-01-18 22:25:17 --> Authorization service returned status: 403
ERROR - 2026-01-18 22:25:18 --> Authorization service returned status: 403
ERROR - 2026-01-18 22:25:20 --> mysqli_sql_exception: Unknown column 'completed_at' in 'field list' in C:\_VPS\projeto1\system\Database\MySQLi\Connection.php:327
Stack trace:
#0 C:\_VPS\projeto1\system\Database\MySQLi\Connection.php(327): mysqli->query()
#1 C:\_VPS\projeto1\system\Database\BaseConnection.php(729): CodeIgniter\Database\MySQLi\Connection->execute()
#2 C:\_VPS\projeto1\system\Database\BaseConnection.php(646): CodeIgniter\Database\BaseConnection->simpleQuery()
#3 C:\_VPS\projeto1\system\Database\BaseBuilder.php(2521): CodeIgniter\Database\BaseConnection->query()
#4 C:\_VPS\projeto1\system\Model.php(461): CodeIgniter\Database\BaseBuilder->update()
#5 C:\_VPS\projeto1\system\BaseModel.php(1010): CodeIgniter\Model->doUpdate()
#6 C:\_VPS\projeto1\system\Model.php(860): CodeIgniter\BaseModel->update()
#7 C:\_VPS\projeto1\app\Models\TransacoesModel.php(94): CodeIgniter\Model->update()
#8 C:\_VPS\projeto1\app\Controllers\Transacoes.php(115): App\Models\TransacoesModel->markAsCompleted()
#9 C:\_VPS\projeto1\system\CodeIgniter.php(933): App\Controllers\Transacoes->criar()
#10 C:\_VPS\projeto1\system\CodeIgniter.php(507): CodeIgniter\CodeIgniter->runController()
#11 C:\_VPS\projeto1\system\CodeIgniter.php(354): CodeIgniter\CodeIgniter->handleRequest()
#12 C:\_VPS\projeto1\system\Boot.php(363): CodeIgniter\CodeIgniter->run()
#13 C:\_VPS\projeto1\system\Boot.php(68): CodeIgniter\Boot::runCodeIgniter()
#14 C:\_VPS\projeto1\public\index.php(59): CodeIgniter\Boot::bootWeb()
#15 C:\_VPS\projeto1\system\rewrite.php(44): require_once('...')
#16 {main}
ERROR - 2026-01-18 22:25:20 --> Payee email not found for transaction notification
ERROR - 2026-01-18 22:27:06 --> Authorization service returned status: 403
ERROR - 2026-01-18 22:27:08 --> Authorization service returned status: 403
ERROR - 2026-01-18 22:27:10 --> mysqli_sql_exception: Unknown column 'completed_at' in 'field list' in C:\_VPS\projeto1\system\Database\MySQLi\Connection.php:327
Stack trace:
#0 C:\_VPS\projeto1\system\Database\MySQLi\Connection.php(327): mysqli->query()
#1 C:\_VPS\projeto1\system\Database\BaseConnection.php(729): CodeIgniter\Database\MySQLi\Connection->execute()
#2 C:\_VPS\projeto1\system\Database\BaseConnection.php(646): CodeIgniter\Database\BaseConnection->simpleQuery()
#3 C:\_VPS\projeto1\system\Database\BaseBuilder.php(2521): CodeIgniter\Database\BaseConnection->query()
#4 C:\_VPS\projeto1\system\Model.php(461): CodeIgniter\Database\BaseBuilder->update()
#5 C:\_VPS\projeto1\system\BaseModel.php(1010): CodeIgniter\Model->doUpdate()
#6 C:\_VPS\projeto1\system\Model.php(860): CodeIgniter\BaseModel->update()
#7 C:\_VPS\projeto1\app\Models\TransacoesModel.php(94): CodeIgniter\Model->update()
#8 C:\_VPS\projeto1\app\Controllers\Transacoes.php(111): App\Models\TransacoesModel->markAsCompleted()
#9 C:\_VPS\projeto1\system\CodeIgniter.php(933): App\Controllers\Transacoes->criar()
#10 C:\_VPS\projeto1\system\CodeIgniter.php(507): CodeIgniter\CodeIgniter->runController()
#11 C:\_VPS\projeto1\system\CodeIgniter.php(354): CodeIgniter\CodeIgniter->handleRequest()
#12 C:\_VPS\projeto1\system\Boot.php(363): CodeIgniter\CodeIgniter->run()
#13 C:\_VPS\projeto1\system\Boot.php(68): CodeIgniter\Boot::runCodeIgniter()
#14 C:\_VPS\projeto1\public\index.php(59): CodeIgniter\Boot::bootWeb()
#15 C:\_VPS\projeto1\system\rewrite.php(44): require_once('...')
#16 {main}
ERROR - 2026-01-18 22:27:10 --> Payee email not found for transaction notification
ERROR - 2026-01-18 22:28:57 --> mysqli_sql_exception: Unknown column 'completed_at' in 'field list' in C:\_VPS\projeto1\system\Database\MySQLi\Connection.php:327
Stack trace:
#0 C:\_VPS\projeto1\system\Database\MySQLi\Connection.php(327): mysqli->query()
#1 C:\_VPS\projeto1\system\Database\BaseConnection.php(729): CodeIgniter\Database\MySQLi\Connection->execute()
#2 C:\_VPS\projeto1\system\Database\BaseConnection.php(646): CodeIgniter\Database\BaseConnection->simpleQuery()
#3 C:\_VPS\projeto1\system\Database\BaseBuilder.php(2521): CodeIgniter\Database\BaseConnection->query()
#4 C:\_VPS\projeto1\system\Model.php(461): CodeIgniter\Database\BaseBuilder->update()
#5 C:\_VPS\projeto1\system\BaseModel.php(1010): CodeIgniter\Model->doUpdate()
#6 C:\_VPS\projeto1\system\Model.php(860): CodeIgniter\BaseModel->update()
#7 C:\_VPS\projeto1\app\Models\TransacoesModel.php(94): CodeIgniter\Model->update()
#8 C:\_VPS\projeto1\app\Controllers\Transacoes.php(111): App\Models\TransacoesModel->markAsCompleted()
#9 C:\_VPS\projeto1\system\CodeIgniter.php(933): App\Controllers\Transacoes->criar()
#10 C:\_VPS\projeto1\system\CodeIgniter.php(507): CodeIgniter\CodeIgniter->runController()
#11 C:\_VPS\projeto1\system\CodeIgniter.php(354): CodeIgniter\CodeIgniter->handleRequest()
#12 C:\_VPS\projeto1\system\Boot.php(363): CodeIgniter\CodeIgniter->run()
#13 C:\_VPS\projeto1\system\Boot.php(68): CodeIgniter\Boot::runCodeIgniter()
#14 C:\_VPS\projeto1\public\index.php(59): CodeIgniter\Boot::bootWeb()
#15 C:\_VPS\projeto1\system\rewrite.php(44): require_once('...')
#16 {main}
ERROR - 2026-01-18 22:28:58 --> Transaction error: Unknown column 'completed_at' in 'field list'
ERROR - 2026-01-18 22:29:48 --> Authorization service returned status: 403
ERROR - 2026-01-18 22:29:50 --> Payee email not found for transaction notification
ERROR - 2026-01-18 22:30:20 --> Payee email not found for transaction notification
ERROR - 2026-01-18 22:30:23 --> Payee email not found for transaction notification
ERROR - 2026-01-18 22:30:24 --> Payee email not found for transaction notification
ERROR - 2026-01-18 22:30:26 --> Authorization service returned status: 403
ERROR - 2026-01-18 22:39:42 --> Payee email not found for transaction notification
