ERROR - 2026-01-16 22:54:42 --> User creation error: CPF/CNPJ já existe
ERROR - 2026-01-16 22:56:28 --> User creation error: CPF/CNPJ já existe
ERROR - 2026-01-16 22:56:49 --> User creation error: CPF/CNPJ já existe
ERROR - 2026-01-16 22:57:15 --> User creation error: CPF/CNPJ já existe
CRITICAL - 2026-01-16 23:04:37 --> Error: Call to undefined method App\Controllers\Usuarios::respondCreated()
[Method: POST, Route: usuarios/cadastrar]
in APPPATH\Controllers\Usuarios.php on line 68.
 1 SYSTEMPATH\CodeIgniter.php(933): App\Controllers\Usuarios->cadastrar()
 2 SYSTEMPATH\CodeIgniter.php(507): CodeIgniter\CodeIgniter->runController()
 3 SYSTEMPATH\CodeIgniter.php(354): CodeIgniter\CodeIgniter->handleRequest()
 4 SYSTEMPATH\Boot.php(363): CodeIgniter\CodeIgniter->run()
 5 SYSTEMPATH\Boot.php(68): CodeIgniter\Boot::runCodeIgniter()
 6 FCPATH\index.php(59): CodeIgniter\Boot::bootWeb()
 7 SYSTEMPATH\rewrite.php(44): require_once('D:\\_VPS\\projeto1\\public\\index.php')
CRITICAL - 2026-01-16 23:16:59 --> Error: Class "App\Models\ContasModel" not found
[Method: POST, Route: usuarios/cadastrar]
in APPPATH\Controllers\Usuarios.php on line 21.
 1 SYSTEMPATH\CodeIgniter.php(933): App\Controllers\Usuarios->cadastrar()
 2 SYSTEMPATH\CodeIgniter.php(507): CodeIgniter\CodeIgniter->runController()
 3 SYSTEMPATH\CodeIgniter.php(354): CodeIgniter\CodeIgniter->handleRequest()
 4 SYSTEMPATH\Boot.php(363): CodeIgniter\CodeIgniter->run()
 5 SYSTEMPATH\Boot.php(68): CodeIgniter\Boot::runCodeIgniter()
 6 FCPATH\index.php(59): CodeIgniter\Boot::bootWeb()
 7 SYSTEMPATH\rewrite.php(44): require_once('D:\\_VPS\\projeto1\\public\\index.php')
CRITICAL - 2026-01-16 23:23:38 --> Error: Call to undefined method App\Controllers\Usuarios::respond()
[Method: POST, Route: usuarios]
in APPPATH\Controllers\Usuarios.php on line 21.
 1 SYSTEMPATH\CodeIgniter.php(933): App\Controllers\Usuarios->index()
 2 SYSTEMPATH\CodeIgniter.php(507): CodeIgniter\CodeIgniter->runController()
 3 SYSTEMPATH\CodeIgniter.php(354): CodeIgniter\CodeIgniter->handleRequest()
 4 SYSTEMPATH\Boot.php(363): CodeIgniter\CodeIgniter->run()
 5 SYSTEMPATH\Boot.php(68): CodeIgniter\Boot::runCodeIgniter()
 6 FCPATH\index.php(59): CodeIgniter\Boot::bootWeb()
 7 SYSTEMPATH\rewrite.php(44): require_once('D:\\_VPS\\projeto1\\public\\index.php')
